// Jest Snapshot v1, https://goo.gl/fbAQLP

exports[`Shallow Renders ProjectHeader 1`] = `
<div
  className="project-header-container"
>
  <div
    className="project-header-info-container"
  >
    <div
      className="project-header-total-projects-container"
    >
      <div
        className="half-width inline-block"
      >
        <h1
          className="font-bold"
        >
          Projects
        </h1>
      </div>
      <div>
        <h2
          className="font-bold"
        >
          Total Projects: 
          <span>
            0
          </span>
        </h2>
      </div>
      <div
        className="project-header-sort-filter-container"
      />
    </div>
  </div>
</div>
`;
