// Jest Snapshot v1, https://goo.gl/fbAQLP

exports[`Shallow Renders InputMetric 1`] = `
<div
  className="job-static-columns-container"
>
  <TableSectionHeader
    changeHiddenParams={[Function]}
    columns={Array []}
    header=""
    hiddenInputParams={Array []}
    isMetric={false}
    isShowingFilter={false}
    searchText=""
    updateSearchText={[Function]}
  />
  <div
    className="input-metric-header-row-container"
  >
    <div
      className="input-metric-column-container column-header"
    />
    <ScrollSyncPane
      enabled={true}
      group="vertical"
    >
      <div
        className="input-metric-column-container"
      />
    </ScrollSyncPane>
  </div>
</div>
`;
