// Jest Snapshot v1, https://goo.gl/fbAQLP

exports[`Shallow Renders Job Column Header 1`] = `
<div
  className="job-column-header "
>
  <div
    className=""
  >
    <h4
      className=""
      data-tip=""
    >
      <ReactTooltip
        clickable={false}
        effect="solid"
        insecure={true}
        place="top"
        resizeHide={true}
        type="dark"
        wrapper="div"
      />
    </h4>
  </div>
</div>
`;
