// Jest Snapshot v1, https://goo.gl/fbAQLP

exports[`Shallow Renders Job Column Header 1`] = `
<div
  className="job-column-header"
>
  <div
    className=""
  >
    <h4
      className="blue-border-bottom"
      onMouseEnter={[Function]}
      onMouseLeave={[Function]}
    >
      <Tooltip
        message=""
      />
    </h4>
    <div
      className="icon-container"
    />
    <div
      className="arrow-container"
      onClick={[Function]}
      onKeyPress={[Function]}
      role="presentation"
    >
      <div
        className="arrow-down float-right"
      />
    </div>
  </div>
</div>
`;
