// Jest Snapshot v1, https://goo.gl/fbAQLP

exports[`Shallow Renders StatusFilter 1`] = `
<div
  className="filter-container column-filter-container elevation-1 status-filter-container"
>
  <div
    className="column-filter-header"
  >
    <button
      className="b--mat b--affirmative text-upper float-right"
      onClick={[Function]}
      type="button"
    >
      Clear Filters
    </button>
  </div>
  <div
    className="column-filter-list"
  />
  <div
    className="column-filter-buttons"
  >
    <button
      className="b--mat b--negation text-upper"
      onClick={[Function]}
      type="button"
    >
      Cancel
    </button>
    <button
      className="b--mat b--affirmative text-upper"
      onClick={[Function]}
      type="button"
    >
      Apply
    </button>
  </div>
</div>
`;
