// Jest Snapshot v1, https://goo.gl/fbAQLP

exports[`Shallow Renders Toolbar Home 1`] = `
<div
  className="toolbar-container"
>
  <div
    className="job-header-logo-container"
  >
    <Link
      replace={false}
      to="/projects"
    >
      <div
        className="i--icon-logo"
      />
    </Link>
    <h2
      className="font-bold"
    >
      Foundations
    </h2>
  </div>
  <ul
    className="header-links"
  >
    <li>
      <Link
        replace={false}
        to="/projects"
      >
        Projects
      </Link>
    </li>
    <li>
      <a
        href="https://dessa-foundations.readthedocs-hosted.com/en/demo_docs/"
        rel="noopener noreferrer"
        target="_blank"
      >
        Documentation
      </a>
    </li>
    <li>
      <Link
        replace={false}
        to="/contact"
      >
        Contact Support
      </Link>
    </li>
  </ul>
</div>
`;
