// Jest Snapshot v1, https://goo.gl/fbAQLP

exports[`Shallow Renders Job ID Cell 1`] = `
<span
  key=""
>
  <span
    className="job-id-cell row-0"
  />
  <CopyToClipboard
    text=""
  >
    <span
      className="i--icon-copy"
      onClick={[Function]}
      role="presentation"
    />
  </CopyToClipboard>
</span>
`;
