// Jest Snapshot v1, https://goo.gl/fbAQLP

exports[`Shallow Renders Job ID Cell 1`] = `
<div
  className="job-cell job-id-cell row-0"
  onMouseEnter={[Function]}
  onMouseLeave={[Function]}
>
  <p />
  <CopyToClipboard
    text=""
  >
    <div
      className="i--icon-copy"
      role="presentation"
    />
  </CopyToClipboard>
  <div />
</div>
`;
