// Jest Snapshot v1, https://goo.gl/fbAQLP

exports[`Shallow Renders Start Time Cell 1`] = `
<span
  key="-"
  onMouseEnter={[Function]}
  onMouseLeave={[Function]}
>
  <span
    className="font-bold"
  >
    <span
      className="launch-date"
    >
      Invalid date
       
    </span>
    <span
      className=""
    />
  </span>
  <span />
</span>
`;
