// Jest Snapshot v1, https://goo.gl/fbAQLP

exports[`Shallow Renders Job List Page 1`] = `
<div
  className="job-header-container"
>
  <div
    className="job-header-container-left"
  >
    <div
      className="job-summary-info-container"
    >
      <h2
        className="font-bold project-list-name"
      >
        null
      </h2>
      <ul>
        <li>
          <p
            className="font-bold"
          >
            Data Source: 
          </p>
          <p>
            raw_mnist
          </p>
        </li>
        <li>
          <p
            className="font-bold"
          >
            Project owner: 
          </p>
          <p>
            Trial
            <span>
              null
            </span>
          </p>
        </li>
        <li>
          <p
            className="font-bold"
          >
            Created at: 
          </p>
          <p>
            2019-03-30 T 10:45 UTC
            <span>
              null
            </span>
          </p>
        </li>
      </ul>
    </div>
    <div
      className="job-header-sorting-container"
    />
  </div>
</div>
`;
