// Jest Snapshot v1, https://goo.gl/fbAQLP

exports[`Shallow Renders Job List Page 1`] = `
<div
  className="job-header-container"
>
  <div
    className="job-header-container-left"
  >
    <div
      className="job-summary-info-container"
    >
      <h2
        className="font-bold project-list-name"
      >
        null
      </h2>
      <h3>
        Jobs List
      </h3>
      <ul>
        <li>
          <p
            className="font-bold"
          >
            Project owner: 
          </p>
          <p>
            Trial
            <span>
              null
            </span>
          </p>
        </li>
        <li>
          <p
            className="font-bold"
          >
            Created at: 
          </p>
          <p>
            Trial
          </p>
        </li>
      </ul>
    </div>
  </div>
  <div
    className="deleteJobWrapper"
  >
    <button
      className="deleteButton"
      onClick={[Function]}
      onKeyDown={[Function]}
      type="button"
    >
      Delete Queued and Running Jobs
    </button>
  </div>
</div>
`;
