// Jest Snapshot v1, https://goo.gl/fbAQLP

exports[`Shallow Renders Job Table Row 1`] = `
<div
  className="job-table-row"
>
  <CancelJobCell
    job={
      Object {
        "status": "completed",
      }
    }
  />
  <JobIDCell
    isError={false}
    jobID=""
    rowNumber={0}
  />
  <StartTimeCell
    isError={false}
    rowNumber={0}
    startTime=""
  />
  <StatusCell
    isError={false}
    rowNumber={0}
    status="completed"
  />
  <DurationCell
    duration={0}
    isError={false}
    rowNumber={0}
  />
  <UserCell
    isError={false}
    rowNumber={0}
    user=""
  />
</div>
`;
