// Jest Snapshot v1, https://goo.gl/fbAQLP

exports[`Shallow Renders Job Table 1`] = `
<div
  className="job-table-container"
>
  <JobTableHeader
    allInputParams={Array []}
    allMetrics={Array []}
    isShowingUserFilter={false}
    jobs={Array []}
  />
  <div
    className="table-row-number"
  />
  <div
    className="job-table-row-container"
  >
    <p>
      Loading projects
    </p>
  </div>
</div>
`;
