// Jest Snapshot v1, https://goo.gl/fbAQLP

exports[`Shallow Renders Job Table 1`] = `
<div
  className="job-table-content"
>
  <div
    className="job-table-container"
  >
    <JobSidebar
      job={
        Object {
          "job_id": null,
        }
      }
    />
    <JobTableHeader
      allInputParams={Array []}
      allMetrics={Array []}
      allUsers={Array []}
      boolCheckboxes={Array []}
      boolFilters={Array []}
      containFilters={Array []}
      durationFilters={Array []}
      filters={Array []}
      hiddenUsers={Array []}
      isShowingBooleanFilter={false}
      isShowingContainsFilter={false}
      isShowingDurationFilter={false}
      isShowingJobIdFilter={false}
      isShowingNumberFilter={false}
      isShowingStartTimeFilter={false}
      isShowingStatusFilter={false}
      isShowingUserFilter={false}
      jobIdFilters={Array []}
      jobRows={Array []}
      jobs={Array []}
      metricClass="not-metric"
      numberFilterColumn=""
      numberFilters={Array []}
      onMetricRowClick={[Function]}
      rowNumbers={Array []}
      startTimeFilters={Array []}
      statuses={Array []}
      updateBoolFilter={[Function]}
      updateContainsFilter={[Function]}
      updateDurationFilter={[Function]}
      updateHiddenStatus={[Function]}
      updateHiddenUser={[Function]}
      updateJobIdFilter={[Function]}
      updateNumberFilter={[Function]}
      updateStartTimeFilter={[Function]}
    />
  </div>
</div>
`;
