// Jest Snapshot v1, https://goo.gl/fbAQLP

exports[`Shallow Renders Job Table Header 1`] = `
<ScrollSync
  enabled={true}
  horizontal={true}
  proportional={true}
  vertical={true}
>
  <div
    className="job-list-container"
  >
    <InputMetric
      allInputParams={
        Array [
          Object {
            "name": "SelectAllCheckboxes",
            "type": "string",
          },
          Object {
            "name": "Job ID",
            "type": "string",
          },
          Object {
            "name": "Status",
            "type": "string",
          },
          Object {
            "name": "Launched",
            "type": "string",
          },
          Object {
            "name": "Duration",
            "type": "string",
          },
          Object {
            "name": "User",
            "type": "string",
          },
          Object {
            "name": "Tags",
            "type": "string",
          },
        ]
      }
      allJobsSelected={false}
      cellWidths={Array []}
      filters={Array []}
      header="Job Details"
      hiddenInputParams={Array []}
      isMetaData={true}
      isMetric={true}
      jobs={Array []}
      onClickOpenModalJobDetails={[Function]}
      onMetricRowClick={[Function]}
      searchText=""
      selectAllJobs={[Function]}
      selectedJobs={Array []}
      sortTable={[Function]}
      sortedColumn={Object {}}
      toggleNumberFilter={[Function]}
    />
    <InputMetric
      allInputParams={Array []}
      allJobsSelected={false}
      cellWidths={Array []}
      filters={Array []}
      header="Parameters"
      hiddenInputParams={Array []}
      isMetaData={false}
      isMetric={false}
      jobs={Array []}
      onClickOpenModalJobDetails={[Function]}
      onMetricRowClick={[Function]}
      searchText=""
      selectAllJobs={[Function]}
      selectedJobs={Array []}
      sortTable={[Function]}
      sortedColumn={Object {}}
      toggleNumberFilter={[Function]}
    />
    <InputMetric
      allInputParams={Array []}
      allJobsSelected={false}
      cellWidths={Array []}
      filters={Array []}
      header="Metrics"
      hiddenInputParams={Array []}
      isMetaData={false}
      isMetric={true}
      jobs={Array []}
      onClickOpenModalJobDetails={[Function]}
      onMetricRowClick={[Function]}
      searchText=""
      selectAllJobs={[Function]}
      selectedJobs={Array []}
      sortTable={[Function]}
      sortedColumn={Object {}}
      toggleNumberFilter={[Function]}
    />
    <PopUpRows
      jobs={Array []}
      onClickOpenModalJobDetails={[Function]}
    />
  </div>
</ScrollSync>
`;
