// Jest Snapshot v1, https://goo.gl/fbAQLP

exports[`Shallow Renders Job Table Header 1`] = `
<div
  className="job-list-container"
>
  <JobColumnHeader
    className="start-time-offset"
    isStatus={0}
    title="Start Time"
  />
  <JobColumnHeader
    className="status-offset"
    isStatus={1}
    title="Status"
  />
  <JobColumnHeader
    className="job-id-offset"
    isStatus={0}
    title="Job ID"
  />
  <JobColumnHeader
    className="duration-offset"
    isStatus={0}
    title="Duration"
  />
  <JobColumnHeader
    className="user-offset"
    isStatus={0}
    title="User"
  />
</div>
`;
