// Jest Snapshot v1, https://goo.gl/fbAQLP

exports[`Shallow Renders ProjectSummary 1`] = `
<div
  className="project-summary-container elevation-1"
>
  <div
    className="project-summary-info-container"
  >
    <h2
      className="project-summary-name-text"
    />
    <p
      className="project-summary-source-text"
    >
      Data Source: Unknown
    </p>
    <p
      className="project-summary-owner-text"
    >
      Project owner: 
      <span
        className="font-regular"
      />
    </p>
    <p
      className="project-summary-created-at-text"
    >
      Created at: 
      <span
        className="font-regular"
      />
    </p>
    <div
      className="project-summary-button-container"
    >
      <button
        className="b--mat b--affirmative"
        type="button"
      >
        view queue
      </button>
      <button
        className="b--mat b--affirmative"
        onClick={[Function]}
        type="button"
      >
        view job list
      </button>
    </div>
  </div>
  <div
    className="project-summary-metrics-container"
  />
</div>
`;
