// Jest Snapshot v1, https://goo.gl/fbAQLP

exports[`Shallow Renders ProjectSummary 1`] = `
<div
  className="project-summary-container elevation-1"
>
  <div
    className="project-summary-info-container"
  >
    <h2
      className="font-bold"
    />
    <p
      className="font-bold"
    >
      Data Source:
      <span>
         raw_mnist
      </span>
    </p>
    <p
      className="font-bold"
    >
      Project owner: 
      <span>
        Trial
      </span>
    </p>
    <p
      className="font-bold"
    >
      Created at: 
      <span>
        2019-03-30 T 10:45 UTC
      </span>
    </p>
    <div
      className="project-summary-button-container"
    >
      <button
        className="b--mat b--affirmative"
        onClick={[Function]}
        type="button"
      >
        View jobs
      </button>
    </div>
  </div>
  <div
    className="project-summary-metrics-container"
  />
</div>
`;
