// Jest Snapshot v1, https://goo.gl/fbAQLP

exports[`Shallow Renders LoginHeader 1`] = `
<div
  className="project-header-container"
>
  <div
    className="project-header-logo-container"
  >
    <div
      className="i--icon-logo"
    />
    <h2
      className="font-bold"
    >
      Foundations
    </h2>
  </div>
  <div
    className="project-header-info-container"
  >
    <div
      className="project-header-total-projects-container"
    >
      <div
        className="half-width inline-block"
      >
        <h1
          className="blue-border-bottom font-bold"
        />
      </div>
    </div>
    <div
      className="project-header-sort-filter-container"
    />
  </div>
</div>
`;
