// Jest Snapshot v1, https://goo.gl/fbAQLP

exports[`Shallow Renders ProjectPage 1`] = `
<div
  className="login-page-container"
>
  <CommonHeader
    history={Object {}}
    isLoaded={false}
    isLoggedIn={false}
    isMount={false}
    isProject={false}
    loginResponse={Array []}
  />
  <div
    className="login-body-container"
  >
    <h3>
      Welcome back!
    </h3>
    <form
      onSubmit={[Function]}
    >
      <ul>
        <li>
          <input
            className="login-form-username"
            name="username"
            onChange={[Function]}
            placeholder="username"
            type="username"
            value=""
          />
        </li>
        <li>
          <input
            className="login-form-password"
            name="password"
            onChange={[Function]}
            placeholder="password"
            type="password"
            value=""
          />
        </li>
        <li>
          <input
            className="login-submit"
            type="submit"
            value="Login"
          />
        </li>
        <li>
          <p
            className="auth-error"
          />
        </li>
      </ul>
    </form>
    <h4>
      Don't have an account? 
      <a
        href="/support"
      >
        Get Started
      </a>
    </h4>
  </div>
</div>
`;
